{
  "id": "evt_3SbLlPPEkhJ6bte20WasUBVF",
  "object": "event",
  "api_version": "2025-10-29.clover",
  "created": 1765028591,
  "data": {
    "object": {
      "id": "ch_3SbLlPPEkhJ6bte20R8NzrOq",
      "object": "charge",
      "amount": 5000000,
      "amount_captured": 5000000,
      "amount_refunded": 0,
      "application": null,
      "application_fee": null,
      "application_fee_amount": null,
      "balance_transaction": "txn_3SbLlPPEkhJ6bte20qgZ7O2A",
      "billing_details": {
        "address": {
          "city": null,
          "country": "FR",
          "line1": null,
          "line2": null,
          "postal_code": null,
          "state": null
        },
        "email": "melissa.boccaccio@gmail.com",
        "name": "Boccaccio melissa",
        "phone": null,
        "tax_id": null
      },
      "calculated_statement_descriptor": "Stripe",
      "captured": true,
      "created": 1765028588,
      "currency": "eur",
      "customer": "cus_TY5dzxkp5ydmHu",
      "description": null,
      "destination": null,
      "dispute": null,
      "disputed": false,
      "failure_balance_transaction": null,
      "failure_code": null,
      "failure_message": null,
      "fraud_details": {},
      "livemode": false,
      "metadata": {},
      "on_behalf_of": null,
      "order": null,
      "outcome": {
        "advice_code": null,
        "network_advice_code": null,
        "network_decline_code": null,
        "network_status": "approved_by_network",
        "reason": null,
        "risk_level": "normal",
        "risk_score": 38,
        "seller_message": "Payment complete.",
        "type": "authorized"
      },
      "paid": true,
      "payment_intent": "pi_3SbLlPPEkhJ6bte20l01ebvp",
      "payment_method": "pm_1SbLlPPEkhJ6bte22oDNEdFN",
      "payment_method_details": {
        "card": {
          "amount_authorized": 5000000,
          "authorization_code": "585142",
          "brand": "visa",
          "checks": {
            "address_line1_check": null,
            "address_postal_code_check": null,
            "cvc_check": "pass"
          },
          "country": "US",
          "exp_month": 12,
          "exp_year": 2034,
          "extended_authorization": {
            "status": "disabled"
          },
          "fingerprint": "I29b2ge0kCk2yqeV",
          "funding": "credit",
          "incremental_authorization": {
            "status": "unavailable"
          },
          "installments": null,
          "last4": "4242",
          "mandate": null,
          "multicapture": {
            "status": "unavailable"
          },
          "network": "visa",
          "network_token": {
            "used": false
          },
          "network_transaction_id": "735057985010310",
          "overcapture": {
            "maximum_amount_capturable": 5000000,
            "status": "unavailable"
          },
          "regulated_status": "unregulated",
          "three_d_secure": null,
          "wallet": null
        },
        "type": "card"
      },
      "radar_options": {},
      "receipt_email": null,
      "receipt_number": null,
      "receipt_url": "https://pay.stripe.com/receipts/payment/CAcaFwoVYWNjdF8xU1QybTZQRWtoSjZidGUyKO_l0MkGMgbXcCrte2A6LBbxSgH_3mGcAHrbzd2OnL2mOxKCVTVr_-G_veotGm9XVjnM6se1nzqyXap4",
      "refunded": false,
      "review": null,
      "shipping": null,
      "source": null,
      "source_transfer": null,
      "statement_descriptor": null,
      "statement_descriptor_suffix": null,
      "status": "succeeded",
      "transfer_data": null,
      "transfer_group": null
    },
    "previous_attributes": {
      "balance_transaction": null,
      "receipt_url": "https://pay.stripe.com/receipts/payment/CAcaFwoVYWNjdF8xU1QybTZQRWtoSjZidGUyKO_l0MkGMgY6mU9Mx_k6LBbt0evq5px4r_Mc5dBcMaSqbCc7uu7K-1uIoX6NlmalBAd2Uh3lG0hGzlhK"
    }
  },
  "livemode": false,
  "pending_webhooks": 2,
  "request": {
    "id": null,
    "idempotency_key": null
  },
  "type": "charge.updated"
}